main.c:59:6:display7SEG	16	static
main.c:155:6:update7SEG	16	static
main.c:196:6:updateClockBuffer	16	static
main.c:235:6:clearCol	8	static
main.c:246:6:clearRow	8	static
main.c:256:6:setCol	16	static
main.c:274:6:setRow	16	static
main.c:296:6:updateLEDMatrix	16	static
main.c:370:5:main	24	static
main.c:484:6:SystemClock_Config	72	static
main.c:520:13:MX_TIM2_Init	32	static
main.c:565:13:MX_GPIO_Init	32	static
main.c:614:6:HAL_TIM_PeriodElapsedCallback	16	static
main.c:623:6:Error_Handler	4	static,ignoring_inline_asm
